synthetic         black_box             selfish cost=1.161680 optimum=1.002286 observed_PoA=1.159030562970304 converged=2/2
synthetic         black_box             resp    cost=1.161680 optimum=1.002286 observed_PoA=1.159030562970304 converged=2/2
synthetic         certificate           selfish cost=1.161680 optimum=1.002286 observed_PoA=1.159030562970304 converged=2/2
synthetic         certificate           resp    cost=1.161680 optimum=1.002286 observed_PoA=1.159030562970304 converged=2/2
synthetic         verified_certificate  selfish cost=1.161680 optimum=1.002286 observed_PoA=1.159030562970304 converged=2/2
synthetic         verified_certificate  resp    cost=1.161680 optimum=1.002286 observed_PoA=1.159030562970304 converged=2/2
synthetic         black_box             selfish cost=1.075017 optimum=0.957368 observed_PoA=1.122888538610161 converged=2/2
synthetic         black_box             resp    cost=1.075017 optimum=0.957368 observed_PoA=1.122888538610161 converged=2/2
synthetic         certificate           selfish cost=1.075017 optimum=0.957368 observed_PoA=1.122888538610161 converged=2/2
synthetic         certificate           resp    cost=1.075017 optimum=0.957368 observed_PoA=1.122888538610161 converged=2/2
synthetic         verified_certificate  selfish cost=1.075017 optimum=0.957368 observed_PoA=1.122888538610161 converged=2/2
synthetic         verified_certificate  resp    cost=1.075017 optimum=0.957368 observed_PoA=1.122888538610161 converged=2/2
synthetic         black_box             selfish cost=1.136876 optimum=1.043410 observed_PoA=1.0895771800632952 converged=2/2
synthetic         black_box             resp    cost=1.136876 optimum=1.043410 observed_PoA=1.0895771800632956 converged=2/2
synthetic         certificate           selfish cost=1.136876 optimum=1.043410 observed_PoA=1.0895771800632952 converged=2/2
synthetic         certificate           resp    cost=1.136876 optimum=1.043410 observed_PoA=1.0895771800632956 converged=2/2
synthetic         verified_certificate  selfish cost=1.136876 optimum=1.043410 observed_PoA=1.0895771800632952 converged=2/2
synthetic         verified_certificate  resp    cost=1.136876 optimum=1.043410 observed_PoA=1.0895771800632956 converged=2/2
letter_of_credit  black_box             selfish cost=5.071723 optimum=1.922368 observed_PoA=2.638268405979797 converged=2/2
letter_of_credit  black_box             resp    cost=5.071723 optimum=1.922368 observed_PoA=2.6382684059797974 converged=2/2
letter_of_credit  certificate           selfish cost=5.071723 optimum=1.922368 observed_PoA=2.638268405979797 converged=2/2
letter_of_credit  certificate           resp    cost=5.071723 optimum=1.922368 observed_PoA=2.6382684059797974 converged=2/2
letter_of_credit  verified_certificate  selfish cost=5.071723 optimum=1.922368 observed_PoA=2.638268405979797 converged=2/2
letter_of_credit  verified_certificate  resp    cost=5.071723 optimum=1.922368 observed_PoA=2.6382684059797974 converged=2/2
