{
  "repetitions": 15,
  "combinations": [
    "black_box:selfish",
    "verified_certificate:resp"
  ],
  "workflow_runs": 30,
  "basis": "历史六组合共39次组织调用、71645 token；平均每组合6.5调用、11940.8333 token。",
  "mean_based_calls": 195.0,
  "mean_based_tokens": 358225,
  "selected_history_based_calls": 210,
  "selected_history_based_tokens": 379410,
  "all_six_15_repeats_calls": 585,
  "all_six_15_repeats_tokens": 1074675,
  "decision_call_cap": 720,
  "http_attempt_cap_with_format_retry": 1440,
  "temperatures": [
    0.2,
    0.5,
    0.8
  ],
  "warning": "估算不是费用承诺；返工、API错误与最多一次格式重试影响用量。未收到用户确认不得运行完整批次。"
}
verified_certificate/resp: 1 seller -> revise
black_box/selfish: 1 seller -> revise
verified_certificate/resp: 2 freight_forwarder -> pass
black_box/selfish: 2 freight_forwarder -> pass
verified_certificate/resp: 3 inspector -> pass
black_box/selfish: 3 inspector -> pass
black_box/selfish: 4 export_bank -> pass
verified_certificate/resp: 4 export_bank -> pass
black_box/selfish: 5 issuing_bank -> pass
verified_certificate/resp: 5 issuing_bank -> pass
black_box/selfish: 6 buyer -> pass
finished run=0 black_box:selfish status=finished
black_box/selfish: 1 seller -> revise
verified_certificate/resp: 6 buyer -> pass
finished run=0 verified_certificate:resp status=finished
black_box/selfish: 2 freight_forwarder -> revise
black_box/selfish: 3 seller -> pass
verified_certificate/resp: 1 seller -> revise
finished run=1 verified_certificate:resp status=error
black_box/selfish: 1 seller -> revise
black_box/selfish: 4 inspector -> pass
black_box/selfish: 5 export_bank -> pass
black_box/selfish: 2 freight_forwarder -> pass
black_box/selfish: 6 issuing_bank -> pass
black_box/selfish: 3 inspector -> pass
black_box/selfish: 7 buyer -> pass
finished run=1 black_box:selfish status=finished
verified_certificate/resp: 1 seller -> revise
black_box/selfish: 4 export_bank -> pass
verified_certificate/resp: 2 freight_forwarder -> pass
black_box/selfish: 5 issuing_bank -> pass
verified_certificate/resp: 3 inspector -> pass
black_box/selfish: 6 buyer -> pass
finished run=2 black_box:selfish status=finished
verified_certificate/resp: 4 export_bank -> pass
black_box/selfish: 1 seller -> revise
black_box/selfish: 2 freight_forwarder -> revise
finished run=3 black_box:selfish status=finished
verified_certificate/resp: 5 issuing_bank -> pass
verified_certificate/resp: 1 seller -> revise
verified_certificate/resp: 6 buyer -> pass
finished run=2 verified_certificate:resp status=finished
verified_certificate/resp: 2 freight_forwarder -> revise
black_box/selfish: 1 seller -> revise
verified_certificate/resp: 3 seller -> pass
black_box/selfish: 2 freight_forwarder -> pass
black_box/selfish: 3 inspector -> pass
verified_certificate/resp: 4 inspector -> pass
verified_certificate/resp: 5 export_bank -> pass
black_box/selfish: 4 export_bank -> pass
verified_certificate/resp: 6 issuing_bank -> pass
black_box/selfish: 5 issuing_bank -> pass
verified_certificate/resp: 7 buyer -> pass
finished run=3 verified_certificate:resp status=finished
black_box/selfish: 6 buyer -> pass
finished run=4 black_box:selfish status=finished
black_box/selfish: 1 seller -> revise
verified_certificate/resp: 1 seller -> revise
verified_certificate/resp: 2 freight_forwarder -> pass
black_box/selfish: 2 freight_forwarder -> pass
verified_certificate/resp: 3 inspector -> pass
black_box/selfish: 3 inspector -> pass
verified_certificate/resp: 4 export_bank -> pass
black_box/selfish: 4 export_bank -> pass
verified_certificate/resp: 5 issuing_bank -> pass
black_box/selfish: 5 issuing_bank -> pass
verified_certificate/resp: 6 buyer -> pass
finished run=4 verified_certificate:resp status=finished
black_box/selfish: 6 buyer -> pass
finished run=5 black_box:selfish status=finished
verified_certificate/resp: 1 seller -> revise
black_box/selfish: 1 seller -> revise
verified_certificate/resp: 2 freight_forwarder -> pass
black_box/selfish: 2 freight_forwarder -> revise
black_box/selfish: 3 seller -> pass
verified_certificate/resp: 3 inspector -> pass
black_box/selfish: 4 inspector -> pass
verified_certificate/resp: 4 export_bank -> pass
black_box/selfish: 5 export_bank -> pass
verified_certificate/resp: 5 issuing_bank -> pass
black_box/selfish: 6 issuing_bank -> pass
verified_certificate/resp: 6 buyer -> pass
finished run=5 verified_certificate:resp status=finished
black_box/selfish: 7 buyer -> pass
finished run=6 black_box:selfish status=finished
verified_certificate/resp: 1 seller -> revise
black_box/selfish: 1 seller -> revise
verified_certificate/resp: 2 freight_forwarder -> revise
finished run=6 verified_certificate:resp status=finished
black_box/selfish: 2 freight_forwarder -> revise
verified_certificate/resp: 1 seller -> revise
black_box/selfish: 3 seller -> pass
verified_certificate/resp: 2 freight_forwarder -> revise
black_box/selfish: 4 inspector -> pass
black_box/selfish: 5 export_bank -> pass
verified_certificate/resp: 3 seller -> pass
black_box/selfish: 6 issuing_bank -> pass
verified_certificate/resp: 4 inspector -> pass
black_box/selfish: 7 buyer -> pass
finished run=7 black_box:selfish status=finished
black_box/selfish: 1 seller -> revise
verified_certificate/resp: 5 export_bank -> pass
black_box/selfish: 2 freight_forwarder -> revise
finished run=8 black_box:selfish status=finished
verified_certificate/resp: 6 issuing_bank -> pass
verified_certificate/resp: 1 seller -> revise
verified_certificate/resp: 7 buyer -> pass
finished run=7 verified_certificate:resp status=finished
verified_certificate/resp: 2 freight_forwarder -> revise
black_box/selfish: 1 seller -> revise
verified_certificate/resp: 3 seller -> pass
black_box/selfish: 2 freight_forwarder -> revise
verified_certificate/resp: 4 inspector -> pass
black_box/selfish: 3 seller -> pass
verified_certificate/resp: 5 export_bank -> pass
black_box/selfish: 4 inspector -> pass
verified_certificate/resp: 6 issuing_bank -> pass
black_box/selfish: 5 export_bank -> pass
black_box/selfish: 6 issuing_bank -> pass
verified_certificate/resp: 7 buyer -> pass
finished run=8 verified_certificate:resp status=finished
black_box/selfish: 7 buyer -> pass
finished run=9 black_box:selfish status=finished
verified_certificate/resp: 1 seller -> revise
black_box/selfish: 1 seller -> revise
verified_certificate/resp: 2 freight_forwarder -> pass
black_box/selfish: 2 freight_forwarder -> pass
verified_certificate/resp: 3 inspector -> pass
black_box/selfish: 3 inspector -> pass
verified_certificate/resp: 4 export_bank -> pass
black_box/selfish: 4 export_bank -> pass
verified_certificate/resp: 5 issuing_bank -> pass
verified_certificate/resp: 6 buyer -> pass
finished run=9 verified_certificate:resp status=finished
black_box/selfish: 5 issuing_bank -> pass
black_box/selfish: 6 buyer -> pass
finished run=10 black_box:selfish status=finished
verified_certificate/resp: 1 seller -> revise
black_box/selfish: 1 seller -> revise
verified_certificate/resp: 2 freight_forwarder -> pass
black_box/selfish: 2 freight_forwarder -> revise
verified_certificate/resp: 3 inspector -> pass
verified_certificate/resp: 4 export_bank -> pass
black_box/selfish: 3 seller -> pass
black_box/selfish: 4 inspector -> pass
verified_certificate/resp: 5 issuing_bank -> pass
black_box/selfish: 5 export_bank -> pass
verified_certificate/resp: 6 buyer -> pass
finished run=10 verified_certificate:resp status=finished
verified_certificate/resp: 1 seller -> revise
black_box/selfish: 6 issuing_bank -> pass
black_box/selfish: 7 buyer -> pass
finished run=11 black_box:selfish status=finished
verified_certificate/resp: 2 freight_forwarder -> revise
black_box/selfish: 1 seller -> revise
verified_certificate/resp: 3 seller -> pass
black_box/selfish: 2 freight_forwarder -> pass
verified_certificate/resp: 4 inspector -> pass
black_box/selfish: 3 inspector -> request_evidence
black_box/selfish: 4 seller -> pass
verified_certificate/resp: 5 export_bank -> pass
verified_certificate/resp: 6 issuing_bank -> pass
black_box/selfish: 5 inspector -> request_evidence
finished run=12 black_box:selfish status=finished
verified_certificate/resp: 1 seller -> revise
verified_certificate/resp: 7 buyer -> pass
finished run=11 verified_certificate:resp status=finished
verified_certificate/resp: 2 freight_forwarder -> pass
black_box/selfish: 1 seller -> revise
verified_certificate/resp: 3 inspector -> pass
black_box/selfish: 2 freight_forwarder -> pass
verified_certificate/resp: 4 export_bank -> pass
black_box/selfish: 3 inspector -> escalate
finished run=13 black_box:selfish status=finished
verified_certificate/resp: 5 issuing_bank -> pass
verified_certificate/resp: 1 seller -> revise
verified_certificate/resp: 6 buyer -> pass
finished run=12 verified_certificate:resp status=finished
verified_certificate/resp: 2 freight_forwarder -> revise
finished run=14 black_box:selfish status=error
verified_certificate/resp: 3 seller -> pass
verified_certificate/resp: 4 inspector -> pass
verified_certificate/resp: 1 seller -> revise
verified_certificate/resp: 5 export_bank -> pass
verified_certificate/resp: 2 freight_forwarder -> pass
verified_certificate/resp: 6 issuing_bank -> pass
verified_certificate/resp: 3 inspector -> request_evidence
verified_certificate/resp: 7 buyer -> pass
finished run=13 verified_certificate:resp status=finished
verified_certificate/resp: 4 seller -> pass
verified_certificate/resp: 5 inspector -> request_evidence
finished run=14 verified_certificate:resp status=finished
